[    0.000000] Linux version 4.15.0-135-generic (buildd@lgw01-amd64-005) (gcc version 7.5.0 (Ubuntu 7.5.0-3ubuntu1~18.04)) #139-Ubuntu SMP Mon Jan 18 17:38:24 UTC 2021 (Ubuntu 4.15.0-135.139-generic 4.15.18)
[    0.000000] Command line: BOOT_IMAGE=/boot/vmlinuz-4.15.0-135-generic root=LABEL=cloudimg-rootfs ro console=tty1 console=ttyS0
[    0.000000] KERNEL supported cpus:
[    0.000000]   Intel GenuineIntel
[    0.000000]   AMD AuthenticAMD
[    0.000000]   Centaur CentaurHauls
[    0.000000] x86/fpu: Supporting XSAVE feature 0x001: 'x87 floating point registers'
[    0.000000] x86/fpu: Supporting XSAVE feature 0x002: 'SSE registers'
[    0.000000] x86/fpu: Supporting XSAVE feature 0x004: 'AVX registers'
[    0.000000] x86/fpu: xstate_offset[2]:  576, xstate_sizes[2]:  256
[    0.000000] x86/fpu: Enabled xstate features 0x7, context size is 832 bytes, using 'standard' format.
[    0.000000] e820: BIOS-provided physical RAM map:
[    0.000000] BIOS-e820: [mem 0x0000000000000000-0x000000000009fbff] usable
[    0.000000] BIOS-e820: [mem 0x000000000009fc00-0x000000000009ffff] reserved
[    0.000000] BIOS-e820: [mem 0x00000000000f0000-0x00000000000fffff] reserved
[    0.000000] BIOS-e820: [mem 0x0000000000100000-0x000000003ffeffff] usable
[    0.000000] BIOS-e820: [mem 0x000000003fff0000-0x000000003fffffff] ACPI data
[    0.000000] BIOS-e820: [mem 0x00000000fec00000-0x00000000fec00fff] reserved
[    0.000000] BIOS-e820: [mem 0x00000000fee00000-0x00000000fee00fff] reserved
[    0.000000] BIOS-e820: [mem 0x00000000fffc0000-0x00000000ffffffff] reserved
[    0.000000] NX (Execute Disable) protection: active
[    0.000000] SMBIOS 2.5 present.
[    0.000000] DMI: innotek GmbH VirtualBox/VirtualBox, BIOS VirtualBox 12/01/2006
[    0.000000] Hypervisor detected: KVM
[    0.000000] e820: last_pfn = 0x3fff0 max_arch_pfn = 0x400000000
[    0.000000] MTRR: Disabled
[    0.000000] x86/PAT: MTRRs disabled, skipping PAT initialization too.
[    0.000000] CPU MTRRs all blank - virtualized system.
[    0.000000] x86/PAT: Configuration [0-7]: WB  WT  UC- UC  WB  WT  UC- UC  
[    0.000000] found SMP MP-table at [mem 0x0009fff0-0x0009ffff]
[    0.000000] Scanning 1 areas for low memory corruption
[    0.000000] RAMDISK: [mem 0x35a63000-0x36d28fff]
[    0.000000] ACPI: Early table checksum verification disabled
[    0.000000] ACPI: RSDP 0x00000000000E0000 000024 (v02 VBOX  )
[    0.000000] ACPI: XSDT 0x000000003FFF0030 00003C (v01 VBOX   VBOXXSDT 00000001 ASL  00000061)
[    0.000000] ACPI: FACP 0x000000003FFF00F0 0000F4 (v04 VBOX   VBOXFACP 00000001 ASL  00000061)
[    0.000000] ACPI: DSDT 0x000000003FFF0470 002325 (v02 VBOX   VBOXBIOS 00000002 INTL 20201113)
[    0.000000] ACPI: FACS 0x000000003FFF0200 000040
[    0.000000] ACPI: FACS 0x000000003FFF0200 000040
[    0.000000] ACPI: APIC 0x000000003FFF0240 00005C (v02 VBOX   VBOXAPIC 00000001 ASL  00000061)
[    0.000000] ACPI: SSDT 0x000000003FFF02A0 0001CC (v01 VBOX   VBOXCPUT 00000002 INTL 20201113)
[    0.000000] No NUMA configuration found
[    0.000000] Faking a node at [mem 0x0000000000000000-0x000000003ffeffff]
[    0.000000] NODE_DATA(0) allocated [mem 0x3ffc5000-0x3ffeffff]
[    0.000000] kvm-clock: cpu 0, msr 0:3ff44001, primary cpu clock
[    0.000000] kvm-clock: Using msrs 4b564d01 and 4b564d00
[    0.000000] kvm-clock: using sched offset of 3308516952 cycles
[    0.000000] clocksource: kvm-clock: mask: 0xffffffffffffffff max_cycles: 0x1cd42e4dffb, max_idle_ns: 881590591483 ns
[    0.000000] Zone ranges:
[    0.000000]   DMA      [mem 0x0000000000001000-0x0000000000ffffff]
[    0.000000]   DMA32    [mem 0x0000000001000000-0x000000003ffeffff]
[    0.000000]   Normal   empty
[    0.000000]   Device   empty
[    0.000000] Movable zone start for each node
[    0.000000] Early memory node ranges
[    0.000000]   node   0: [mem 0x0000000000001000-0x000000000009efff]
[    0.000000]   node   0: [mem 0x0000000000100000-0x000000003ffeffff]
[    0.000000] Reserved but unavailable: 98 pages
[    0.000000] Initmem setup node 0 [mem 0x0000000000001000-0x000000003ffeffff]
[    0.000000] ACPI: PM-Timer IO Port: 0x4008
[    0.000000] IOAPIC[0]: apic_id 2, version 32, address 0xfec00000, GSI 0-23
[    0.000000] ACPI: INT_SRC_OVR (bus 0 bus_irq 0 global_irq 2 dfl dfl)
[    0.000000] ACPI: INT_SRC_OVR (bus 0 bus_irq 9 global_irq 9 low level)
[    0.000000] Using ACPI (MADT) for SMP configuration information
[    0.000000] smpboot: Allowing 2 CPUs, 0 hotplug CPUs
[    0.000000] PM: Registered nosave memory: [mem 0x00000000-0x00000fff]
[    0.000000] PM: Registered nosave memory: [mem 0x0009f000-0x0009ffff]
[    0.000000] PM: Registered nosave memory: [mem 0x000a0000-0x000effff]
[    0.000000] PM: Registered nosave memory: [mem 0x000f0000-0x000fffff]
[    0.000000] e820: [mem 0x40000000-0xfebfffff] available for PCI devices
[    0.000000] Booting paravirtualized kernel on KVM
[    0.000000] clocksource: refined-jiffies: mask: 0xffffffff max_cycles: 0xffffffff, max_idle_ns: 7645519600211568 ns
[    0.000000] random: get_random_bytes called from start_kernel+0x99/0x500 with crng_init=0
[    0.000000] setup_percpu: NR_CPUS:8192 nr_cpumask_bits:2 nr_cpu_ids:2 nr_node_ids:1
[    0.000000] percpu: Embedded 45 pages/cpu s147456 r8192 d28672 u1048576
[    0.000000] PV qspinlock hash table entries: 256 (order: 0, 4096 bytes)
[    0.000000] Built 1 zonelists, mobility grouping on.  Total pages: 257913
[    0.000000] Policy zone: DMA32
[    0.000000] Kernel command line: BOOT_IMAGE=/boot/vmlinuz-4.15.0-135-generic root=LABEL=cloudimg-rootfs ro console=tty1 console=ttyS0
[    0.000000] Memory: 983020K/1048120K available (12300K kernel code, 2482K rwdata, 4276K rodata, 2440K init, 2724K bss, 65100K reserved, 0K cma-reserved)
[    0.000000] SLUB: HWalign=64, Order=0-3, MinObjects=0, CPUs=2, Nodes=1
[    0.000000] Kernel/User page tables isolation: enabled
[    0.000000] ftrace: allocating 39422 entries in 154 pages
[    0.004000] Hierarchical RCU implementation.
[    0.004000] 	RCU restricting CPUs from NR_CPUS=8192 to nr_cpu_ids=2.
[    0.004000] 	Tasks RCU enabled.
[    0.004000] RCU: Adjusting geometry for rcu_fanout_leaf=16, nr_cpu_ids=2
[    0.004000] NR_IRQS: 524544, nr_irqs: 440, preallocated irqs: 16
[    0.004000] Console: colour VGA+ 80x25
[    0.004000] console [tty1] enabled
[    0.004000] console [ttyS0] enabled
[    0.004000] ACPI: Core revision 20170831
[    0.004000] ACPI: 2 ACPI AML tables successfully acquired and loaded
[    0.004000] APIC: Switch to symmetric I/O mode setup
[    0.004000] x2apic enabled
[    0.004000] Switched APIC routing to physical x2apic.
[    0.004914] ..TIMER: vector=0x30 apic1=0 pin1=2 apic2=-1 pin2=-1
[    0.008002] tsc: Detected 1799.987 MHz processor
[    0.008656] Calibrating delay loop (skipped) preset value.. 3599.97 BogoMIPS (lpj=7199948)
[    0.009070] pid_max: default: 32768 minimum: 301
[    0.012028] Security Framework initialized
[    0.012576] Yama: becoming mindful.
[    0.013074] AppArmor: AppArmor initialized
[    0.014200] Dentry cache hash table entries: 131072 (order: 8, 1048576 bytes)
[    0.015165] Inode-cache hash table entries: 65536 (order: 7, 524288 bytes)
[    0.016013] Mount-cache hash table entries: 2048 (order: 2, 16384 bytes)
[    0.017044] Mountpoint-cache hash table entries: 2048 (order: 2, 16384 bytes)
[    0.018379] Last level iTLB entries: 4KB 64, 2MB 8, 4MB 8
[    0.019137] Last level dTLB entries: 4KB 64, 2MB 0, 4MB 0, 1GB 4
[    0.020007] Spectre V1 : Mitigation: usercopy/swapgs barriers and __user pointer sanitization
[    0.021100] Spectre V2 : Mitigation: Full generic retpoline
[    0.021888] Spectre V2 : Spectre v2 / SpectreRSB mitigation: Filling RSB on context switch
[    0.023069] Speculative Store Bypass: Vulnerable
[    0.024046] SRBDS: Unknown: Dependent on hypervisor status
[    0.024745] MDS: Mitigation: Clear CPU buffers
[    0.025557] Freeing SMP alternatives memory: 36K
[    0.136674] smpboot: CPU0: Intel(R) Core(TM) i5-8265U CPU @ 1.60GHz (family: 0x6, model: 0x8e, stepping: 0xc)
[    0.138078] Performance Events: unsupported p6 CPU model 142 no PMU driver, software events only.
[    0.139246] Hierarchical SRCU implementation.
[    0.140000] NMI watchdog: Perf event create on CPU 0 failed with -2
[    0.140002] NMI watchdog: Perf NMI watchdog permanently disabled
[    0.140802] smp: Bringing up secondary CPUs ...
[    0.141465] x86: Booting SMP configuration:
[    0.142028] .... node  #0, CPUs:      #1
[    0.004000] kvm-clock: cpu 1, msr 0:3ff44041, secondary cpu clock
[    0.144017] smp: Brought up 1 node, 2 CPUs
[    0.144611] smpboot: Max logical packages: 1
[    0.145191] smpboot: Total of 2 processors activated (7199.94 BogoMIPS)
[    0.146135] devtmpfs: initialized
[    0.148050] x86/mm: Memory block size: 128MB
[    0.148736] evm: security.selinux
[    0.149226] evm: security.SMACK64
[    0.149780] evm: security.SMACK64EXEC
[    0.150421] evm: security.SMACK64TRANSMUTE
[    0.151181] evm: security.SMACK64MMAP
[    0.152005] evm: security.apparmor
[    0.152483] evm: security.ima
[    0.152965] evm: security.capability
[    0.153499] clocksource: jiffies: mask: 0xffffffff max_cycles: 0xffffffff, max_idle_ns: 7645041785100000 ns
[    0.153499] futex hash table entries: 512 (order: 3, 32768 bytes)
[    0.156016] pinctrl core: initialized pinctrl subsystem
[    0.156832] RTC time: 17:16:31, date: 02/09/21
[    0.157575] NET: Registered protocol family 16
[    0.158227] audit: initializing netlink subsys (disabled)
[    0.159021] audit: type=2000 audit(1612890996.403:1): state=initialized audit_enabled=0 res=1
[    0.160007] cpuidle: using governor ladder
[    0.160625] cpuidle: using governor menu
[    0.161190] ACPI: bus type PCI registered
[    0.161780] acpiphp: ACPI Hot Plug PCI Controller Driver version: 0.5
[    0.162662] PCI: Using configuration type 1 for base access
[    0.164748] HugeTLB registered 2.00 MiB page size, pre-allocated 0 pages
[    0.164928] ACPI: Added _OSI(Module Device)
[    0.164928] ACPI: Added _OSI(Processor Device)
[    0.165339] ACPI: Added _OSI(3.0 _SCP Extensions)
[    0.168014] ACPI: Added _OSI(Processor Aggregator Device)
[    0.168772] ACPI: Added _OSI(Linux-Dell-Video)
[    0.169385] ACPI: Added _OSI(Linux-Lenovo-NV-HDMI-Audio)
[    0.170075] ACPI: Added _OSI(Linux-HPI-Hybrid-Graphics)
[    0.171089] ACPI: Executed 1 blocks of module-level executable AML code
[    0.174572] ACPI: Interpreter enabled
[    0.175104] ACPI: (supports S0 S5)
[    0.175576] ACPI: Using IOAPIC for interrupt routing
[    0.176196] PCI: Using host bridge windows from ACPI; if necessary, use "pci=nocrs" and report a bug
[    0.177487] ACPI: Enabled 2 GPEs in block 00 to 07
[    0.183101] ACPI: PCI Root Bridge [PCI0] (domain 0000 [bus 00-ff])
[    0.184000] acpi PNP0A03:00: _OSC: OS supports [ASPM ClockPM Segments MSI]
[    0.184436] acpi PNP0A03:00: _OSC: not requesting OS control; OS requires [ExtendedConfig ASPM ClockPM MSI]
[    0.185698] acpi PNP0A03:00: fail to add MMCONFIG information, can't access extended PCI configuration space under this bridge.
[    0.188310] PCI host bridge to bus 0000:00
[    0.188854] pci_bus 0000:00: root bus resource [io  0x0000-0x0cf7 window]
[    0.189730] pci_bus 0000:00: root bus resource [io  0x0d00-0xffff window]
[    0.190581] pci_bus 0000:00: root bus resource [mem 0x000a0000-0x000bffff window]
[    0.191604] pci_bus 0000:00: root bus resource [mem 0x40000000-0xfdffffff window]
[    0.192003] pci_bus 0000:00: root bus resource [bus 00-ff]
[    0.194168] pci 0000:00:01.1: legacy IDE quirk: reg 0x10: [io  0x01f0-0x01f7]
[    0.195094] pci 0000:00:01.1: legacy IDE quirk: reg 0x14: [io  0x03f6]
[    0.196002] pci 0000:00:01.1: legacy IDE quirk: reg 0x18: [io  0x0170-0x0177]
[    0.197382] pci 0000:00:01.1: legacy IDE quirk: reg 0x1c: [io  0x0376]
[    0.210808] pci 0000:00:07.0: quirk: [io  0x4000-0x403f] claimed by PIIX4 ACPI
[    0.212015] pci 0000:00:07.0: quirk: [io  0x4100-0x410f] claimed by PIIX4 SMB
[    0.222513] ACPI: PCI Interrupt Link [LNKA] (IRQs 5 9 10 *11)
[    0.223616] ACPI: PCI Interrupt Link [LNKB] (IRQs 5 9 *10 11)
[    0.224096] ACPI: PCI Interrupt Link [LNKC] (IRQs 5 *9 10 11)
[    0.224934] ACPI: PCI Interrupt Link [LNKD] (IRQs 5 9 10 *11)
[    0.226010] SCSI subsystem initialized
[    0.226570] pci 0000:00:02.0: vgaarb: setting as boot VGA device
[    0.226570] pci 0000:00:02.0: vgaarb: VGA device added: decodes=io+mem,owns=io+mem,locks=none
[    0.228010] pci 0000:00:02.0: vgaarb: bridge control possible
[    0.228764] vgaarb: loaded
[    0.229250] ACPI: bus type USB registered
[    0.229808] usbcore: registered new interface driver usbfs
[    0.230532] usbcore: registered new interface driver hub
[    0.232017] usbcore: registered new device driver usb
[    0.232914] EDAC MC: Ver: 3.0.0
[    0.232914] PCI: Using ACPI for IRQ routing
[    0.232914] NetLabel: Initializing
[    0.233431] NetLabel:  domain hash size = 128
[    0.236002] NetLabel:  protocols = UNLABELED CIPSOv4 CALIPSO
[    0.236824] NetLabel:  unlabeled traffic allowed by default
[    0.237681] clocksource: Switched to clocksource kvm-clock
[    0.245679] VFS: Disk quotas dquot_6.6.0
[    0.246352] VFS: Dquot-cache hash table entries: 512 (order 0, 4096 bytes)
[    0.247509] AppArmor: AppArmor Filesystem Enabled
[    0.248299] pnp: PnP ACPI init
[    0.249569] pnp: PnP ACPI: found 3 devices
[    0.257904] clocksource: acpi_pm: mask: 0xffffff max_cycles: 0xffffff, max_idle_ns: 2085701024 ns
[    0.259259] NET: Registered protocol family 2
[    0.260078] TCP established hash table entries: 8192 (order: 4, 65536 bytes)
[    0.261108] TCP bind hash table entries: 8192 (order: 5, 131072 bytes)
[    0.262494] TCP: Hash tables configured (established 8192 bind 8192)
[    0.263512] UDP hash table entries: 512 (order: 2, 16384 bytes)
[    0.264524] UDP-Lite hash table entries: 512 (order: 2, 16384 bytes)
[    0.265506] NET: Registered protocol family 1
[    0.266181] pci 0000:00:00.0: Limiting direct PCI/PCI transfers
[    0.267077] pci 0000:00:01.0: Activating ISA DMA hang workarounds
[    0.268028] pci 0000:00:02.0: Video device with shadowed ROM at [mem 0x000c0000-0x000dffff]
[    0.269375] Unpacking initramfs...
[    0.517848] Freeing initrd memory: 19224K
[    0.518586] clocksource: tsc: mask: 0xffffffffffffffff max_cycles: 0x19f21d545bb, max_idle_ns: 440795272018 ns
[    0.520087] platform rtc_cmos: registered platform RTC device (no PNP device found)
[    0.521338] Scanning for low memory corruption every 60 seconds
[    0.522705] Initialise system trusted keyrings
[    0.523472] Key type blacklist registered
[    0.524160] workingset: timestamp_bits=36 max_order=18 bucket_order=0
[    0.525796] zbud: loaded
[    0.526674] squashfs: version 4.0 (2009/01/31) Phillip Lougher
[    0.527695] fuse init (API version 7.26)
[    0.529991] Key type asymmetric registered
[    0.530673] Asymmetric key parser 'x509' registered
[    0.531454] Block layer SCSI generic (bsg) driver version 0.4 loaded (major 246)
[    0.532679] io scheduler noop registered
[    0.533289] io scheduler deadline registered
[    0.533967] io scheduler cfq registered (default)
[    0.536269] ACPI: AC Adapter [AC] (on-line)
[    0.536939] input: Power Button as /devices/LNXSYSTM:00/LNXPWRBN:00/input/input0
[    0.538102] ACPI: Power Button [PWRF]
[    0.538756] input: Sleep Button as /devices/LNXSYSTM:00/LNXSLPBN:00/input/input1
[    0.539835] ACPI: Sleep Button [SLPF]
[    0.541166] ACPI: Battery Slot [BAT0] (battery present)
[    0.542068] Serial: 8250/16550 driver, 32 ports, IRQ sharing enabled
[    0.563570] 00:02: ttyS0 at I/O 0x3f8 (irq = 4, base_baud = 115200) is a 16550A
[    0.567343] Linux agpgart interface v0.103
[    0.569310] loop: module loaded
[    0.570241] scsi host0: ata_piix
[    0.570806] scsi host1: ata_piix
[    0.571280] ata1: PATA max UDMA/33 cmd 0x1f0 ctl 0x3f6 bmdma 0xd000 irq 14
[    0.572203] ata2: PATA max UDMA/33 cmd 0x170 ctl 0x376 bmdma 0xd008 irq 15
[    0.573229] libphy: Fixed MDIO Bus: probed
[    0.573798] tun: Universal TUN/TAP device driver, 1.6
[    0.574523] PPP generic driver version 2.4.2
[    0.575185] ehci_hcd: USB 2.0 'Enhanced' Host Controller (EHCI) Driver
[    0.576026] ehci-pci: EHCI PCI platform driver
[    0.576658] ehci-platform: EHCI generic platform driver
[    0.577351] ohci_hcd: USB 1.1 'Open' Host Controller (OHCI) Driver
[    0.578189] ohci-pci: OHCI PCI platform driver
[    0.578915] ohci-platform: OHCI generic platform driver
[    0.579681] uhci_hcd: USB Universal Host Controller Interface driver
[    0.580591] i8042: PNP: PS/2 Controller [PNP0303:PS2K,PNP0f03:PS2M] at 0x60,0x64 irq 1,12
[    0.583177] serio: i8042 KBD port at 0x60,0x64 irq 1
[    0.583880] serio: i8042 AUX port at 0x60,0x64 irq 12
[    0.584737] mousedev: PS/2 mouse device common for all mice
[    0.585903] input: AT Translated Set 2 keyboard as /devices/platform/i8042/serio0/input/input2
[    0.587254] rtc_cmos rtc_cmos: rtc core: registered rtc_cmos as rtc0
[    0.588173] rtc_cmos rtc_cmos: alarms up to one day, 114 bytes nvram
[    0.589011] i2c /dev entries driver
[    0.589582] device-mapper: uevent: version 1.0.3
[    0.590287] device-mapper: ioctl: 4.37.0-ioctl (2017-09-20) initialised: dm-devel@redhat.com
[    0.591434] ledtrig-cpu: registered to indicate activity on CPUs
[    0.592544] NET: Registered protocol family 10
[    0.596049] Segment Routing with IPv6
[    0.596581] NET: Registered protocol family 17
[    0.597362] Key type dns_resolver registered
[    0.598130] mce: Using 0 MCE banks
[    0.598622] RAS: Correctable Errors collector initialized.
[    0.599384] sched_clock: Marking stable (598105550, 0)->(707889731, -109784181)
[    0.600896] registered taskstats version 1
[    0.602403] Loading compiled-in X.509 certificates
[    0.605583] Loaded X.509 cert 'Build time autogenerated kernel key: 399a566a2ea98257ce6f7132c633527e9761cd56'
[    0.606814] zswap: loaded using pool lzo/zbud
[    0.610080] Key type big_key registered
[    0.610655] Key type trusted registered
[    0.612403] Key type encrypted registered
[    0.612986] AppArmor: AppArmor sha1 policy hashing enabled
[    0.613772] ima: No TPM chip found, activating TPM-bypass! (rc=-19)
[    0.614594] ima: Allocated hash algorithm: sha1
[    0.615275] evm: HMAC attrs: 0x1
[    0.616083]   Magic number: 9:174:289
[    0.616918] tty tty22: hash matches
[    0.617524] rtc_cmos rtc_cmos: setting system clock to 2021-02-09 17:16:32 UTC (1612890992)
[    0.618913] BIOS EDD facility v0.16 2004-Jun-25, 0 devices found
[    0.619690] EDD information not available.
[    0.769401] Freeing unused kernel image memory: 2440K
[    0.780200] Write protecting the kernel read-only data: 20480k
[    0.782519] Freeing unused kernel image memory: 2008K
[    0.784014] Freeing unused kernel image memory: 1868K
[    0.795493] x86/mm: Checked W+X mappings: passed, no W+X pages found.
[    0.796990] x86/mm: Checking user space page tables
[    0.807631] x86/mm: Checked W+X mappings: passed, no W+X pages found.
Loading, please wait...
starting version 237
[    0.859341] e1000: Intel(R) PRO/1000 Network Driver - version 7.3.21-k8-NAPI
[    0.860399] e1000: Copyright (c) 1999-2006 Intel Corporation.
[    0.867825] Fusion MPT base driver 3.04.20
[    0.869481] Copyright (c) 1999-2008 LSI Corporation
[    0.880392] Fusion MPT SPI Host driver 3.04.20
[    0.884038] AVX2 version of gcm_enc/dec engaged.
[    0.884992] AES CTR mode by8 optimization enabled
[    1.078133] input: ImExPS/2 Generic Explorer Mouse as /devices/platform/i8042/serio1/input/input4
[    1.228994] e1000 0000:00:03.0 eth0: (PCI:33MHz:32-bit) 02:ed:54:94:72:f1
[    1.229974] e1000 0000:00:03.0 eth0: Intel(R) PRO/1000 Network Connection
[    1.231921] mptbase: ioc0: Initiating bringup
[    2.486523] ioc0: LSI53C1030 A0: Capabilities={Initiator}
[    4.579012] scsi host2: ioc0: LSI53C1030 A0, FwRev=00000000h, Ports=1, MaxQ=256, IRQ=20
[    5.729511] scsi 2:0:0:0: Direct-Access     VBOX     HARDDISK         1.0  PQ: 0 ANSI: 5
[    5.768313] scsi target2:0:0: Beginning Domain Validation
[    5.778729] scsi target2:0:0: Domain Validation skipping write tests
[    5.783480] scsi target2:0:0: Ending Domain Validation
[    5.787006] scsi target2:0:0: asynchronous
[    5.790342] scsi 2:0:1:0: Direct-Access     VBOX     HARDDISK         1.0  PQ: 0 ANSI: 5
[    6.072107] scsi target2:0:1: Beginning Domain Validation
[    6.073978] random: fast init done
[    6.074589] scsi target2:0:1: Domain Validation skipping write tests
[    6.075404] scsi target2:0:1: Ending Domain Validation
[    6.076129] scsi target2:0:1: asynchronous
[    6.079355] random: systemd-udevd: uninitialized urandom read (16 bytes read)
[    6.079407] sd 2:0:0:0: Attached scsi generic sg0 type 0
[    6.080362] random: systemd-udevd: uninitialized urandom read (16 bytes read)
[    6.081408] sd 2:0:1:0: Attached scsi generic sg1 type 0
[    6.082147] random: systemd-udevd: uninitialized urandom read (16 bytes read)
[    6.083938] sd 2:0:0:0: [sda] 83886080 512-byte logical blocks: (42.9 GB/40.0 GiB)
[    6.084979] sd 2:0:1:0: [sdb] 20480 512-byte logical blocks: (10.5 MB/10.0 MiB)
[    6.085967] sd 2:0:0:0: [sda] Write Protect is off
[    6.086624] sd 2:0:1:0: [sdb] Write Protect is off
[    6.087387] sd 2:0:0:0: [sda] Incomplete mode parameter data
[    6.088155] sd 2:0:0:0: [sda] Assuming drive cache: write through
[    6.088961] sd 2:0:1:0: [sdb] Incomplete mode parameter data
[    6.089693] sd 2:0:1:0: [sdb] Assuming drive cache: write through
[    6.093160]  sda: sda1
[    6.094095] sd 2:0:0:0: [sda] Attached SCSI disk
[    6.095096] sd 2:0:1:0: [sdb] Attached SCSI disk
[    6.112011] e1000 0000:00:08.0 eth1: (PCI:33MHz:32-bit) 08:00:27:28:cc:0c
[    6.112966] e1000 0000:00:08.0 eth1: Intel(R) PRO/1000 Network Connection
[    6.116334] e1000 0000:00:03.0 enp0s3: renamed from eth0
[    6.136573] e1000 0000:00:08.0 enp0s8: renamed from eth1
Begin: Loading essential drivers ... [    7.987265] raid6: sse2x1   gen() 14861 MB/s
[    8.032852] raid6: sse2x1   xor()  7174 MB/s
[    8.085494] raid6: sse2x2   gen() 16141 MB/s
[    8.133074] raid6: sse2x2   xor()  9313 MB/s
[    8.181085] raid6: sse2x4   gen() 16719 MB/s
[    8.233492] raid6: sse2x4   xor() 10421 MB/s
[    8.292647] raid6: avx2x1   gen() 30897 MB/s
[    8.341179] raid6: avx2x1   xor() 14608 MB/s
[    8.396955] raid6: avx2x2   gen() 33340 MB/s
[    8.444224] raid6: avx2x2   xor() 18770 MB/s
[    8.492631] raid6: avx2x4   gen() 31288 MB/s
[    8.540496] raid6: avx2x4   xor() 19211 MB/s
[    8.541168] raid6: using algorithm avx2x2 gen() 33340 MB/s
[    8.541869] raid6: .... xor() 18770 MB/s, rmw enabled
[    8.542627] raid6: using avx2x2 recovery algorithm
[    8.544575] xor: automatically using best checksumming function   avx       
[    8.546492] async_tx: api initialized (async)
done.
Begin: Running /scripts/init-premount ... done.
Begin: Mounting root file system ... Begin: Running /scripts/local-top ... done.
Begin: Running /scripts/local-premount ... [    8.585919] Btrfs loaded, crc32c=crc32c-intel
Scanning for Btrfs filesystems
done.
Warning: fsck not present, so skipping root file system
[    8.646659] EXT4-fs (sda1): mounted filesystem with ordered data mode. Opts: (null)
done.
Begin: Running /scripts/local-bottom ... done.
Begin: Running /scripts/init-bottom ... done.
[    8.814882] ip_tables: (C) 2000-2006 Netfilter Core Team
[    8.826525] systemd[1]: systemd 237 running in system mode. (+PAM +AUDIT +SELINUX +IMA +APPARMOR +SMACK +SYSVINIT +UTMP +LIBCRYPTSETUP +GCRYPT +GNUTLS +ACL +XZ +LZ4 +SECCOMP +BLKID +ELFUTILS +KMOD -IDN2 +IDN -PCRE2 default-hierarchy=hybrid)
[    8.830278] systemd[1]: Detected virtualization oracle.
[    8.831206] systemd[1]: Detected architecture x86-64.

Welcome to [1mUbuntu 18.04.5 LTS[0m!

[    8.837600] systemd[1]: Set hostname to <ubuntu-bionic>.
[    9.179692] systemd[1]: Started Forward Password Requests to Wall Directory Watch.
[[0;32m  OK  [0m] Started Forward Password Requests to Wall Directory Watch.
[    9.183530] systemd[1]: Reached target System Time Synchronized.
[[0;32m  OK  [0m] Reached target System Time Synchronized.
[    9.185887] systemd[1]: Reached target Swap.
[[0;32m  OK  [0m] Reached target Swap.
[    9.189756] systemd[1]: Created slice System Slice.
[[0;32m  OK  [0m] Created slice System Slice.
[    9.191975] systemd[1]: Created slice system-serial\x2dgetty.slice.
[[0;32m  OK  [0m] Created slice system-serial\x2dgetty.slice.
[    9.194654] systemd[1]: Listening on Journal Socket.
[[0;32m  OK  [0m] Listening on Journal Socket.
         Starting Set the console keyboard layout...
[[0;32m  OK  [0m] Listening on udev Control Socket.
         Mounting Kernel Debug File System...
         Starting Uncomplicated firewall...
[[0;32m  OK  [0m] Listening on LVM2 metadata daemon socket.
         Starting Load Kernel Modules...
[[0;32m  OK  [0m] Listening on Device-mapper event daemon FIFOs.
         Starting Monitoring of LVM2 mirrorsâ€¦ng dmeventd or progress polling...
[[0;32m  OK  [0m] Listening on LVM2 poll daemon socket.
[[0;32m  OK  [0m] Listening on Journal Socket (/dev/log).
         Starting Remount Root and Kernel File Systems...
[[0;32m  OK  [0m] Listening on Network Service Netlink Socket.
[[0;32m  OK  [0m] Listening on Syslog Socket.
[    9.259104] Loading iSCSI transport class v2.0-870.
[    9.265213] iscsi: registered transport (tcp)
         Mounting Huge Pages File System...
[[0;32m  OK  [0m] Set up automount Arbitrary Executabâ€¦rmats File System Automount Point.
         Mounting POSIX Message Queue File System...
[[0;32m  OK  [0m] Created slice User and Session Slice.
[[0;32m  OK  [0m] Reached target Slices.
[[0;32m  OK  [0m] Listening on /dev/initctl Compatibility Named Pipe.
         Starting Create list of required stâ€¦ce nodes for the current kernel...
[[0;32m  OK  [0m] Listening on Journal Audit Socket.
         Starting Journal Service...
[[0;32m  OK  [0m] Listening on udev Kernel Socket.
         Starting udev Coldplug all Devices...
[[0;32m  OK  [0m] Reached target User and Group Name Lookups.
[[0;32m  OK  [0m] Mounted Kernel Debug File System.
[[0;32m  OK  [0m] Started Uncomplicated firewall.
[[0;32m  OK  [0m] Mounted Huge Pages File System.
[[0;32m  OK  [0m] Mounted POSIX Message Queue File System.
[[0;32m  OK  [0m] Started LVM2 metadata daemon.
[[0;32m  OK  [0m] Started Create list of required staâ€¦vice nodes for the current kernel.
         Startin[    9.542042] EXT4-fs (sda1): re-mounted. Opts: (null)
g Create Static Device Nodes in /dev...
[[0;32m  OK  [0m] Started Remount Root and Kernel File Systems.
         Starting Load/Save Random Seed...
[[0;32m  OK  [0m] Started Journal Service.
[[0;32m  OK  [0m] Started Set the console keyboard layout.
[[0;32m  OK  [0m] Started Monitoring of LVM2 mirrors,â€¦sing dmeventd or progress polling.
[[0;32m  OK  [0m] Started Create Static Device Nodes in /dev.
[[0;32m  OK  [0m] Started Load/Save Random Seed.
         Starting udev Kernel Device Manager...
[[0;32m  OK  [0m] Reached target Local File Systems (Pre).
         Mounting /vagrant...
[[0;32m  OK  [0m] Reached target Local File Systems.
[    9.624970] iscsi: registered transport (iser)
         Starting Tell Plymouth To Write Out Runtime Data...
         Starting ebtables ruleset management...
         Starting AppArmor initialization...
         Starting Set console font and keymap...
         Starting Flush Journal to Persistent Storage...
[[0;32m  OK  [0m] Started Load Kernel Modules.
         Mounting Kernel Configuration File System...
         Starting Apply Kernel Variables...
         Mounting FUSE Control File System...
[[0;32m  OK  [0m] Mounted Kernel Configuration File System.
[[0;32m  OK  [0m] Mounted FUSE Control File System.
[[0;32m  OK  [0m] Started udev Kernel Device Manager.
[[0;32m  OK  [0m] Started udev Coldplug all Devices.
[[0;32m  OK  [0m] Started Dispatch Password Requests to Console Directory Watch.
[[0;32m  OK  [0m] Reached target Local Encrypted Volumes.
[[0;32m  OK  [0m] Started Tell Plymouth To Write Out Runtime Data.
[[0;32m  OK  [0m] Started Set console font and keymap.
[    9.731068] systemd-journald[431]: Received request to flush runtime journal from PID 1
[[0;32m  OK  [0m] Started Apply Kernel Variables.
[[0;32m  OK  [0m] Mounted /vagrant.
[[0;32m  OK  [0m] Started Flush Journal to Persistent Storage.
         Starting Create Volatile Files and Directories...
[[0;32m  OK  [0m] Started Create Volatile Files and Directories.
         Starting Update UTMP about System Boot/Shutdown...
[[0;32m  OK  [0m] Started Update UTMP about System Boot/Shutdown.
[[0;32m  OK  [0m] Started ebtables ruleset management.
[[0;32m  OK  [0m] Found device /dev/ttyS0.
[[0;32m  OK  [0m] Listening on Load/Save RF Kill Switch Status /dev/rfkill Watch.
[[0;32m  OK  [0m] Started AppArmor initialization.
         Starting Load AppArmor profiles managed internally by snapd...
         Starting Initial cloud-init job (pre-networking)...
[[0;32m  OK  [0m] Started Load AppArmor profiles managed internally by snapd.
[   11.115412] cloud-init[583]: Cloud-init v. 20.4.1-0ubuntu1~18.04.1 running 'init-local' at Tue, 09 Feb 2021 17:16:42 +0000. Up 10.95 seconds.
[[0;32m  OK  [0m] Started Initial cloud-init job (pre-networking).
[[0;32m  OK  [0m] Reached target Network (Pre).
         Starting Network Service...
[[0;32m  OK  [0m] Started Network Service.
         Starting Wait for Network to be Configured...
         Starting Network Name Resolution...
[[0;32m  OK  [0m] Started Network Name Resolution.
[[0;32m  OK  [0m] Reached target Network.
[[0;32m  OK  [0m] Reached target Host and Network Name Lookups.
[[0;32m  OK  [0m] Started Wait for Network to be Configured.
         Starting Initial cloud-init job (metadata service crawler)...
[   13.706560] cloud-init[695]: Cloud-init v. 20.4.1-0ubuntu1~18.04.1 running 'init' at Tue, 09 Feb 2021 17:16:45 +0000. Up 13.58 seconds.
[   13.708939] cloud-init[695]: ci-info: ++++++++++++++++++++++++++++++++++++++Net device info+++++++++++++++++++++++++++++++++++++++
[   13.711375] cloud-init[695]: ci-info: +--------+------+-----------------------------+---------------+--------+-------------------+
[   13.713032] cloud-init[695]: ci-info: | Device |  Up  |           Address           |      Mask     | Scope  |     Hw-Address    |
[   13.714638] cloud-init[695]: ci-info: +--------+------+-----------------------------+---------------+--------+-------------------+
[   13.717710] cloud-init[695]: ci-info: | enp0s3 | True |          10.0.2.15          | 255.255.255.0 | global | 02:ed:54:94:72:f1 |
[   13.719175] cloud-init[695]: ci-info: | enp0s3 | True |  fe80::ed:54ff:fe94:72f1/64 |       .       |  link  | 02:ed:54:94:72:f1 |
[   13.720566] cloud-init[695]: ci-info: | enp0s8 | True |        192.168.1.130        | 255.255.255.0 | global | 08:00:27:28:cc:0c |
[   13.722052] cloud-init[695]: ci-info: | enp0s8 | True | fe80::a00:27ff:fe28:cc0c/64 |       .       |  link  | 08:00:27:28:cc:0c |
[   13.723555] cloud-init[695]: ci-info: |   lo   | True |          127.0.0.1          |   255.0.0.0   |  host  |         .         |
[   13.725110] cloud-init[695]: ci-info: |   lo   | True |           ::1/128           |       .       |  host  |         .         |
[   13.726550] cloud-init[695]: ci-info: +--------+------+-----------------------------+---------------+--------+-------------------+
[   13.728280] cloud-init[695]: ci-info: ++++++++++++++++++++++++++++++Route IPv4 info++++++++++++++++++++++++++++++
[   13.730975] cloud-init[695]: ci-info: +-------+-------------+-------------+-----------------+-----------+-------+
[   13.732277] cloud-init[695]: ci-info: | Route | Destination |   Gateway   |     Genmask     | Interface | Flags |
[   13.735195] cloud-init[695]: ci-info: +-------+-------------+-------------+-----------------+-----------+-------+
[   13.736446] cloud-init[695]: ci-info: |   0   |   0.0.0.0   |   10.0.2.2  |     0.0.0.0     |   enp0s3  |   UG  |
[   13.737590] cloud-init[695]: ci-info: |   1   |   0.0.0.0   | 192.168.1.1 |     0.0.0.0     |   enp0s8  |   UG  |
[   13.738831] cloud-init[695]: ci-info: |   2   |   10.0.2.0  |   0.0.0.0   |  255.255.255.0  |   enp0s3  |   U   |
[   13.740082] cloud-init[695]: ci-info: |   3   |   10.0.2.2  |   0.0.0.0   | 255.255.255.255 |   enp0s3  |   UH  |
[   13.741606] cloud-init[695]: ci-info: |   4   | 192.168.1.0 |   0.0.0.0   |  255.255.255.0  |   enp0s8  |   U   |
[   13.742739] cloud-init[695]: ci-info: |   5   | 192.168.1.1 |   0.0.0.0   | 255.255.255.255 |   enp0s8  |   UH  |
[   13.744230] cloud-init[695]: ci-info: +-------+-------------+-------------+-----------------+-----------+-------+
[   13.745501] cloud-init[695]: ci-info: +++++++++++++++++++Route IPv6 info+++++++++++++++++++
[   13.746702] cloud-init[695]: ci-info: +-------+-------------+---------+-----------+-------+
[   13.747909] cloud-init[695]: ci-info: | Route | Destination | Gateway | Interface | Flags |
[   13.764273] cloud-init[695]: ci-info: +-------+-------------+---------+-----------+-------+
[   13.765317] cloud-init[695]: ci-info: |   1   |  fe80::/64  |    ::   |   enp0s8  |   U   |
[   13.766524] cloud-init[695]: ci-info: |   2   |  fe80::/64  |    ::   |   enp0s3  |   U   |
[   13.767842] cloud-init[695]: ci-info: |   4   |    local    |    ::   |   enp0s3  |   U   |
[   13.768988] cloud-init[695]: ci-info: |   5   |    local    |    ::   |   enp0s8  |   U   |
[   13.770045] cloud-init[695]: ci-info: |   6   |   ff00::/8  |    ::   |   enp0s8  |   U   |
[   13.771179] cloud-init[695]: ci-info: |   7   |   ff00::/8  |    ::   |   enp0s3  |   U   |
[   13.772432] cloud-init[695]: ci-info: +-------+-------------+---------+-----------+-------+
[[0;32m  OK  [0m] Started Initial cloud-init job (metadata service crawler).
[[0;32m  OK  [0m] Reached target System Initialization.
[[0;32m  OK  [0m] Started ACPI Events Check.
[[0;32m  OK  [0m] Started Message of the Day.
[[0;32m  OK  [0m] Listening on D-Bus System Message Bus Socket.
[[0;32m  OK  [0m] Reached target Paths.
[[0;32m  OK  [0m] Started Daily Cleanup of Temporary Directories.
[[0;32m  OK  [0m] Listening on UUID daemon activation socket.
[[0;32m  OK  [0m] Listening on Open-iSCSI iscsid Socket.
         Starting Socket activation for snappy daemon.
[[0;32m  OK  [0m] Listening on ACPID Listen Socket.
[[0;32m  OK  [0m] Started Discard unused blocks once a week.
         Starting LXD - unix socket.
[[0;32m  OK  [0m] Started Daily apt download activities.
[[0;32m  OK  [0m] Started Daily apt upgrade and clean activities.
[[0;32m  OK  [0m] Reached target Timers.
[[0;32m  OK  [0m] Reached target Network is Online.
         Starting Availability of block devices...
[[0;32m  OK  [0m] Reached target Remote File Systems (Pre).
[[0;32m  OK  [0m] Reached target Remote File Systems.
[[0;32m  OK  [0m] Reached target Cloud-config availability.
[[0;32m  OK  [0m] Listening on Socket activation for snappy daemon.
[[0;32m  OK  [0m] Listening on LXD - unix socket.
[[0;32m  OK  [0m] Reached target Sockets.
[[0;32m  OK  [0m] Reached target Basic System.
         Starting Virtualbox guest utils...
         Starting LXD - container startup/shutdown...
         Starting Permit User Sessions...
         Starting Dispatcher daemon for systemd-networkd...
[[0;32m  OK  [0m] Started FUSE filesystem for LXC.
[[0;32m  OK  [0m] Started irqbalance daemon.
[[0;32m  OK  [0m] Started Deferred execution scheduler.
         Starting Login Service...
         Starting LSB: Record successful boot for GRUB...
[[0;32m  OK  [0m] Started Regular background program processing daemon.
         Starting Accounts Service...
         Starting System Logging Service...
[[0;32m  OK  [0m] Started D-Bus System Message Bus.
         Starting LSB: automatic crash report generation...
         Starting OpenBSD Secure Shell server...
         Starting Snap Daemon...
[[0;32m  OK  [0m] Started System Logging Service.
[[0;32m  OK  [0m] Started Availability of block devices.
[[0;32m  OK  [0m] Started LXD - container startup/shutdown.
[[0;32m  OK  [0m] Started Permit User Sessions.
[[0;32m  OK  [0m] Started Login Service.
[[0;32m  OK  [0m] Started Unattended Upgrades Shutdown.
         Starting Terminate Plymouth Boot Screen...
         Starting Hold until boot process finishes up...
[[0;32m  OK  [0m] Started Hold until boot process finishes up.
[[0;32m  OK  [0m] Started Serial Getty on ttyS0.
         Starting Set console scheme...
[[0;32m  OK  [0m] Started Terminate Plymouth Boot Screen.
[[0;32m  OK  [0m] Started Set console scheme.
[[0;32m  OK  [0m] Created slice system-getty.slice.
[[0;32m  OK  [0m] Started Getty on tty1.
[[0;32m  OK  [0m] Reached target Login Prompts.
         Starting Authorization Manager...
[[0;32m  OK  [0m] Started LSB: Record successful boot for GRUB.
[[0;32m  OK  [0m] Started OpenBSD Secure Shell server.
[[0;32m  OK  [0m] Started Authorization Manager.
[[0;32m  OK  [0m] Started Accounts Service.
[[0;32m  OK  [0m] Started Dispatcher daemon for systemd-networkd.
[[0;32m  OK  [0m] Started Virtualbox guest utils.
[[0;32m  OK  [0m] Started LSB: automatic crash report generation.
[[0;32m  OK  [0m] Created slice User Slice of vagrant.
         Starting User Manager for UID 1000...
[[0;32m  OK  [0m] Started Session 1 of user vagrant.
[[0;32m  OK  [0m] Started User Manager for UID 1000.
[[0;32m  OK  [0m] Started Snap Daemon.
         Starting Wait until snapd is fully seeded...
[[0;32m  OK  [0m] Started Wait until snapd is fully seeded.
         Starting Apply the settings specified in cloud-config...
[[0;32m  OK  [0m] Reached target Multi-User System.
[[0;32m  OK  [0m] Reached target Graphical Interface.
         Starting Update UTMP about System Runlevel Changes...
[[0;32m  OK  [0m] Started Update UTMP about System Runlevel Changes.
[   15.689402] cloud-init[1145]: Cloud-init v. 20.4.1-0ubuntu1~18.04.1 running 'modules:config' at Tue, 09 Feb 2021 17:16:47 +0000. Up 15.57 seconds.
[[0;32m  OK  [0m] Started Apply the settings specified in cloud-config.
         Starting Execute cloud user/final scripts...
[   16.137912] cloud-init[1189]: Cloud-init v. 20.4.1-0ubuntu1~18.04.1 running 'modules:final' at Tue, 09 Feb 2021 17:16:47 +0000. Up 16.05 seconds.
[   16.139143] cloud-init[1189]: Cloud-init v. 20.4.1-0ubuntu1~18.04.1 finished at Tue, 09 Feb 2021 17:16:48 +0000. Datasource DataSourceNoCloud [seed=/dev/sdb][dsmode=net].  Up 16.13 seconds
[[0;32m  OK  [0m] Started Execute cloud user/final scripts.
[[0;32m  OK  [0m] Reached target Cloud-init target.

Ubuntu 18.04.5 LTS ubuntu-bionic ttyS0

ubuntu-bionic login: 